// Jest Snapshot v1, https://goo.gl/fbAQLP

exports[`matches snapshot 1`] = `
<DocumentFragment>
  <div
    class="profile-page"
  >
    <div
      class="ProfileForm-container"
    >
      <h3>
        Profile
      </h3>
      <div
        class="ProfileForm-card"
      >
        <div
          class="card-body"
        >
          <form>
            <div
              class="form-group"
            >
              <label>
                Username
              </label>
              <p
                class="form-control-plaintext"
              >
                testuser
              </p>
            </div>
            <div
              class="form-group"
            >
              <label>
                First Name
              </label>
              <input
                class="form-control"
                name="firstName"
                value=""
              />
            </div>
            <div
              class="form-group"
            >
              <label>
                Last Name
              </label>
              <input
                class="form-control"
                name="lastName"
                value=""
              />
            </div>
            <div
              class="form-group"
            >
              <label>
                Email
              </label>
              <input
                class="form-control"
                name="email"
                value="test@test.net"
              />
            </div>
            <div
              class="form-group"
            >
              <label>
                Confirm password to make changes:
              </label>
              <input
                class="form-control"
                name="password"
                type="password"
                value=""
              />
            </div>
            <button
              class="btn btn-primary btn-block mt-4"
              type="submit"
            >
              Save Changes
            </button>
          </form>
        </div>
      </div>
    </div>
  </div>
</DocumentFragment>
`;
